2026-08-26 06:11:20,732 INFO uk_kb_collector Starting collector; destination=/home/runner/work/UKKB/UKKB/Knowledge_Base dry_run=False
2026-08-26 06:11:20,732 INFO uk_kb_collector Legal notice: Knowledge-base collector only; not legal advice. Official legal/policy materials may be amended or replaced. Verify the current version on the official source before use.
2026-08-26 06:22:17,841 INFO uk_kb_collector Processing PDF 1/20: https://assets.publishing.service.gov.uk/media/68c92f0b5e09a4a59af0bf1c/Guidance_-_Transitional_and_Saving_Arrangements_FINAL_v4_pdf_links__.docx.pdf
2026-08-26 06:22:18,451 WARNING uk_kb_collector.http robots.txt could not be read for assets.publishing.service.gov.uk: 404 Client Error: Not Found for url: https://assets.publishing.service.gov.uk/robots.txt; refusing automated access
2026-08-26 06:22:18,451 INFO uk_kb_collector Processing PDF 2/20: https://assets.publishing.service.gov.uk/media/69df7abe61d2e8e9b9e42d5c/2026-04-15_-_Guidance_-_Contracting_Authority_Definition.V1.pdf_links.docx.pdf
2026-08-26 06:22:19,346 WARNING uk_kb_collector.http robots.txt could not be read for assets.publishing.service.gov.uk: 404 Client Error: Not Found for url: https://assets.publishing.service.gov.uk/robots.txt; refusing automated access
2026-08-26 06:22:19,347 INFO uk_kb_collector Processing PDF 3/20: https://assets.publishing.service.gov.uk/media/68c942ddde855c02ab517b63/Guidance_-_Covered_Procurement_pdf_links_.docx.pdf
2026-08-26 06:22:20,845 WARNING uk_kb_collector.http robots.txt could not be read for assets.publishing.service.gov.uk: 404 Client Error: Not Found for url: https://assets.publishing.service.gov.uk/robots.txt; refusing automated access
2026-08-26 06:22:20,845 INFO uk_kb_collector Processing PDF 4/20: https://assets.publishing.service.gov.uk/media/691c50d784a267da57d70693/10-06-2025_-_Guidance_-_Exempted_Contracts_FINAL.V2._pdf_links_.docx.pdf
2026-08-26 06:22:22,345 WARNING uk_kb_collector.http robots.txt could not be read for assets.publishing.service.gov.uk: 404 Client Error: Not Found for url: https://assets.publishing.service.gov.uk/robots.txt; refusing automated access
2026-08-26 06:22:22,345 INFO uk_kb_collector Processing PDF 5/20: https://assets.publishing.service.gov.uk/media/685d68a5e44db4975be00aef/Guidance_-_NPPS_pdf_links_.docx.pdf
2026-08-26 06:22:23,845 WARNING uk_kb_collector.http robots.txt could not be read for assets.publishing.service.gov.uk: 404 Client Error: Not Found for url: https://assets.publishing.service.gov.uk/robots.txt; refusing automated access
2026-08-26 06:22:23,845 INFO uk_kb_collector Processing PDF 6/20: https://assets.publishing.service.gov.uk/media/6823577af58b0afa5e043979/Guidance_-_pipeline_notice_v2_FINAL_pdf_links_.pdf
2026-08-26 06:22:25,345 WARNING uk_kb_collector.http robots.txt could not be read for assets.publishing.service.gov.uk: 404 Client Error: Not Found for url: https://assets.publishing.service.gov.uk/robots.txt; refusing automated access
2026-08-26 06:22:25,345 INFO uk_kb_collector Processing PDF 7/20: https://assets.publishing.service.gov.uk/media/691c5c1b5a253e2c40d706a8/09-06-2025_-_Guidance_-_Utilities_Contracts_FINAL.V2._pdf_links_.docx.pdf
2026-08-26 06:22:26,845 WARNING uk_kb_collector.http robots.txt could not be read for assets.publishing.service.gov.uk: 404 Client Error: Not Found for url: https://assets.publishing.service.gov.uk/robots.txt; refusing automated access
2026-08-26 06:22:26,845 INFO uk_kb_collector Processing PDF 8/20: https://assets.publishing.service.gov.uk/media/68ca833f1eabc899da7084a4/Guidance_-_defence_and_security_provisions_FINAL_v2_pdf_links_.docx.pdf
2026-08-26 06:22:28,345 WARNING uk_kb_collector.http robots.txt could not be read for assets.publishing.service.gov.uk: 404 Client Error: Not Found for url: https://assets.publishing.service.gov.uk/robots.txt; refusing automated access
2026-08-26 06:22:28,345 INFO uk_kb_collector Processing PDF 9/20: https://assets.publishing.service.gov.uk/media/68ca89245e09a4a59af0bfc6/Guidance_-_Concession_Contracts_FINAL_pdf_links_.docx.pdf
2026-08-26 06:22:29,845 WARNING uk_kb_collector.http robots.txt could not be read for assets.publishing.service.gov.uk: 404 Client Error: Not Found for url: https://assets.publishing.service.gov.uk/robots.txt; refusing automated access
2026-08-26 06:22:29,845 INFO uk_kb_collector Processing PDF 10/20: https://assets.publishing.service.gov.uk/media/68e79c8d1c8b2a3b506907a4/Guidance_-_Light_Touch_Contracts_FINAL_pdf_links_.docx.pdf
2026-08-26 06:22:31,345 WARNING uk_kb_collector.http robots.txt could not be read for assets.publishing.service.gov.uk: 404 Client Error: Not Found for url: https://assets.publishing.service.gov.uk/robots.txt; refusing automated access
2026-08-26 06:22:31,345 INFO uk_kb_collector Processing PDF 11/20: https://assets.publishing.service.gov.uk/media/68e79f68187483de54d766b5/Guidance_-_Reserved_contracts_for_Supported_Employment_FINAL.docx_pdf_links_.pdf
2026-08-26 06:22:32,845 WARNING uk_kb_collector.http robots.txt could not be read for assets.publishing.service.gov.uk: 404 Client Error: Not Found for url: https://assets.publishing.service.gov.uk/robots.txt; refusing automated access
2026-08-26 06:22:32,846 INFO uk_kb_collector Processing PDF 12/20: https://assets.publishing.service.gov.uk/media/68c94421c6df905ce7708420/Guidance_-_Devolved_Contracting_Authority_FINAL_pdf_links_.docx.pdf
2026-08-26 06:22:34,346 WARNING uk_kb_collector.http robots.txt could not be read for assets.publishing.service.gov.uk: 404 Client Error: Not Found for url: https://assets.publishing.service.gov.uk/robots.txt; refusing automated access
2026-08-26 06:22:34,346 INFO uk_kb_collector Processing PDF 13/20: https://assets.publishing.service.gov.uk/media/68ca7e2c2fe4b313286c9fad/Guidance_-_Covered_Procurement_Objectives_FINAL.docx_pdf_links_.pdf
2026-08-26 06:22:35,846 WARNING uk_kb_collector.http robots.txt could not be read for assets.publishing.service.gov.uk: 404 Client Error: Not Found for url: https://assets.publishing.service.gov.uk/robots.txt; refusing automated access
2026-08-26 06:22:35,846 INFO uk_kb_collector Processing PDF 14/20: https://assets.publishing.service.gov.uk/media/68e7a089cf65bd04bad766c5/Guidance_-_Valuation_of_Contracts_v2_FINAL_pdf_links_.docx.pdf
2026-08-26 06:22:37,346 WARNING uk_kb_collector.http robots.txt could not be read for assets.publishing.service.gov.uk: 404 Client Error: Not Found for url: https://assets.publishing.service.gov.uk/robots.txt; refusing automated access
2026-08-26 06:22:37,346 INFO uk_kb_collector Processing PDF 15/20: https://assets.publishing.service.gov.uk/media/6a549fdc1228eb26a4cab7e8/2025-10-09_-_PA23_Guidance_-_Thresholds.FINAL.Ver2.pdf_links.pdf
2026-08-26 06:22:38,846 WARNING uk_kb_collector.http robots.txt could not be read for assets.publishing.service.gov.uk: 404 Client Error: Not Found for url: https://assets.publishing.service.gov.uk/robots.txt; refusing automated access
2026-08-26 06:22:38,846 INFO uk_kb_collector Processing PDF 16/20: https://assets.publishing.service.gov.uk/media/68e8bfb9e5f463a62cb98622/Guidance_-_Mixed_Procurement__8__pdf_links_.docx.pdf
2026-08-26 06:22:40,346 WARNING uk_kb_collector.http robots.txt could not be read for assets.publishing.service.gov.uk: 404 Client Error: Not Found for url: https://assets.publishing.service.gov.uk/robots.txt; refusing automated access
2026-08-26 06:22:40,346 INFO uk_kb_collector Processing PDF 17/20: https://assets.publishing.service.gov.uk/media/6903769520da736e6591314b/Guidance_-_Planned_Procurement_Notice_pdf_links_.docx.pdf
2026-08-26 06:22:41,846 WARNING uk_kb_collector.http robots.txt could not be read for assets.publishing.service.gov.uk: 404 Client Error: Not Found for url: https://assets.publishing.service.gov.uk/robots.txt; refusing automated access
2026-08-26 06:22:41,846 INFO uk_kb_collector Processing PDF 18/20: https://assets.publishing.service.gov.uk/media/6888da89048fff613a4d5b02/Guidance_-_Preliminary_Market_Engagement_pdf_links_.docx.pdf
2026-08-26 06:22:43,346 WARNING uk_kb_collector.http robots.txt could not be read for assets.publishing.service.gov.uk: 404 Client Error: Not Found for url: https://assets.publishing.service.gov.uk/robots.txt; refusing automated access
2026-08-26 06:22:43,347 INFO uk_kb_collector Processing PDF 19/20: https://assets.publishing.service.gov.uk/media/69037ebcfabc9f10a832a884/Guidance_-_Technical_Specifications_pdf_links_.docx.pdf
2026-08-26 06:22:44,846 WARNING uk_kb_collector.http robots.txt could not be read for assets.publishing.service.gov.uk: 404 Client Error: Not Found for url: https://assets.publishing.service.gov.uk/robots.txt; refusing automated access
2026-08-26 06:22:44,847 INFO uk_kb_collector Processing PDF 20/20: https://assets.publishing.service.gov.uk/media/691c7388e39a085bda43eef0/05-11-2025_-_Guidance_-_Direct_Award_FINAL.V1._pdf_links_.docx.pdf
2026-08-26 06:22:46,347 WARNING uk_kb_collector.http robots.txt could not be read for assets.publishing.service.gov.uk: 404 Client Error: Not Found for url: https://assets.publishing.service.gov.uk/robots.txt; refusing automated access
2026-08-26 06:22:46,355 INFO uk_kb_collector SKBUK sync: {"documents_synced": 0, "documents_missing": 0, "modules_published": 26, "dry_run": false}
2026-08-26 06:22:46,355 INFO uk_kb_collector Finished. report=/home/runner/work/UKKB/UKKB/Knowledge_Base/09_Logs/report_2026-08-26_0622.md summary={"urls_checked": 438, "pdfs_found": 421, "new": 0, "updated": 0, "skipped": 0, "failed": ["robots.txt disallowed: https://assets.publishing.service.gov.uk/media/68c92f0b5e09a4a59af0bf1c/Guidance_-_Transitional_and_Saving_Arrangements_FINAL_v4_pdf_links__.docx.pdf", "robots.txt disallowed: https://assets.publishing.service.gov.uk/media/69df7abe61d2e8e9b9e42d5c/2026-04-15_-_Guidance_-_Contracting_Authority_Definition.V1.pdf_links.docx.pdf", "robots.txt disallowed: https://assets.publishing.service.gov.uk/media/68c942ddde855c02ab517b63/Guidance_-_Covered_Procurement_pdf_links_.docx.pdf", "robots.txt disallowed: https://assets.publishing.service.gov.uk/media/691c50d784a267da57d70693/10-06-2025_-_Guidance_-_Exempted_Contracts_FINAL.V2._pdf_links_.docx.pdf", "robots.txt disallowed: https://assets.publishing.service.gov.uk/media/685d68a5e44db4975be00aef/Guidance_-_NPPS_pdf_links_.docx.pdf", "robots.txt disallowed: https://assets.publishing.service.gov.uk/media/6823577af58b0afa5e043979/Guidance_-_pipeline_notice_v2_FINAL_pdf_links_.pdf", "robots.txt disallowed: https://assets.publishing.service.gov.uk/media/691c5c1b5a253e2c40d706a8/09-06-2025_-_Guidance_-_Utilities_Contracts_FINAL.V2._pdf_links_.docx.pdf", "robots.txt disallowed: https://assets.publishing.service.gov.uk/media/68ca833f1eabc899da7084a4/Guidance_-_defence_and_security_provisions_FINAL_v2_pdf_links_.docx.pdf", "robots.txt disallowed: https://assets.publishing.service.gov.uk/media/68ca89245e09a4a59af0bfc6/Guidance_-_Concession_Contracts_FINAL_pdf_links_.docx.pdf", "robots.txt disallowed: https://assets.publishing.service.gov.uk/media/68e79c8d1c8b2a3b506907a4/Guidance_-_Light_Touch_Contracts_FINAL_pdf_links_.docx.pdf", "robots.txt disallowed: https://assets.publishing.service.gov.uk/media/68e79f68187483de54d766b5/Guidance_-_Reserved_contracts_for_Supported_Employment_FINAL.docx_pdf_links_.pdf", "robots.txt disallowed: https://assets.publishing.service.gov.uk/media/68c94421c6df905ce7708420/Guidance_-_Devolved_Contracting_Authority_FINAL_pdf_links_.docx.pdf", "robots.txt disallowed: https://assets.publishing.service.gov.uk/media/68ca7e2c2fe4b313286c9fad/Guidance_-_Covered_Procurement_Objectives_FINAL.docx_pdf_links_.pdf", "robots.txt disallowed: https://assets.publishing.service.gov.uk/media/68e7a089cf65bd04bad766c5/Guidance_-_Valuation_of_Contracts_v2_FINAL_pdf_links_.docx.pdf", "robots.txt disallowed: https://assets.publishing.service.gov.uk/media/6a549fdc1228eb26a4cab7e8/2025-10-09_-_PA23_Guidance_-_Thresholds.FINAL.Ver2.pdf_links.pdf", "robots.txt disallowed: https://assets.publishing.service.gov.uk/media/68e8bfb9e5f463a62cb98622/Guidance_-_Mixed_Procurement__8__pdf_links_.docx.pdf", "robots.txt disallowed: https://assets.publishing.service.gov.uk/media/6903769520da736e6591314b/Guidance_-_Planned_Procurement_Notice_pdf_links_.docx.pdf", "robots.txt disallowed: https://assets.publishing.service.gov.uk/media/6888da89048fff613a4d5b02/Guidance_-_Preliminary_Market_Engagement_pdf_links_.docx.pdf", "robots.txt disallowed: https://assets.publishing.service.gov.uk/media/69037ebcfabc9f10a832a884/Guidance_-_Technical_Specifications_pdf_links_.docx.pdf", "robots.txt disallowed: https://assets.publishing.service.gov.uk/media/691c7388e39a085bda43eef0/05-11-2025_-_Guidance_-_Direct_Award_FINAL.V1._pdf_links_.docx.pdf"], "new_docs": [], "supersedes": [], "needs_review": [], "skbuk": {"documents_synced": 0, "documents_missing": 0, "modules_published": 26, "dry_run": false}}
